#
# There is insufficient memory for the Java Runtime Environment to continue.
# Native memory allocation (mmap) failed to map 532676608 bytes for G1 virtual space
# Possible reasons:
#   The system is out of physical RAM or swap space
#   The process is running with CompressedOops enabled, and the Java Heap may be blocking the growth of the native heap
# Possible solutions:
#   Reduce memory load on the system
#   Increase physical memory or swap space
#   Check if swap backing store is full
#   Decrease Java heap size (-Xmx/-Xms)
#   Decrease number of Java threads
#   Decrease Java thread stack sizes (-Xss)
#   Set larger code cache with -XX:ReservedCodeCacheSize=
#   JVM is running with Zero Based Compressed Oops mode in which the Java heap is
#     placed in the first 32GB address space. The Java Heap base address is the
#     maximum limit for the native heap growth. Please use -XX:HeapBaseMinAddress
#     to set the Java Heap base and to place the Java Heap above 32GB virtual address.
# This output file may be truncated or incomplete.
#
#  Out of Memory Error (os_windows.cpp:3825), pid=32760, tid=34116
#
# JRE version:  (17.0.9+8) (build )
# Java VM: OpenJDK 64-Bit Server VM (17.0.9+8-b1166.2, mixed mode, emulated-client, sharing, tiered, compressed oops, compressed class ptrs, g1 gc, windows-amd64)
# No core dump will be written. Minidumps are not enabled by default on client versions of Windows
#

---------------  S U M M A R Y ------------

Command Line: -XX:TieredStopAtLevel=1 -Dspring.output.ansi.enabled=always -Dcom.sun.management.jmxremote -Dspring.jmx.enabled=true -Dspring.liveBeansView.mbeanDomain -Dspring.application.admin.enabled=true -Dmanagement.endpoints.jmx.exposure.include=* -javaagent:C:\Users\alaou\AppData\Local\JetBrains\IntelliJ IDEA 2023.2.3\lib\idea_rt.jar=56868:C:\Users\alaou\AppData\Local\JetBrains\IntelliJ IDEA 2023.2.3\bin -Dfile.encoding=UTF-8 tn.esprit.pisinister.PiSinisterApplication

Host: 12th Gen Intel(R) Core(TM) i5-12500H, 16 cores, 31G,  Windows 11 , 64 bit Build 22621 (10.0.22621.4391)
Time: Mon Feb 17 10:05:57 2025 W. Central Africa Standard Time elapsed time: 0.014249 seconds (0d 0h 0m 0s)

---------------  T H R E A D  ---------------

Current thread (0x000002a245587a90):  JavaThread "Unknown thread" [_thread_in_vm, id=34116, stack(0x000000edce600000,0x000000edce700000)]

Stack: [0x000000edce600000,0x000000edce700000]
Native frames: (J=compiled Java code, j=interpreted, Vv=VM code, C=native code)
V  [jvm.dll+0x688349]  os::platform_print_native_stack+0xd9  (os_windows_x86.cpp:235)
V  [jvm.dll+0x841bfa]  VMError::report+0xc6a  (vmError.cpp:855)
V  [jvm.dll+0x84383e]  VMError::report_and_die+0x78e  (vmError.cpp:1749)
V  [jvm.dll+0x843ea3]  VMError::report_and_die+0x43  (vmError.cpp:1535)
V  [jvm.dll+0x24bdef]  report_vm_out_of_memory+0x8f  (debug.cpp:321)
V  [jvm.dll+0x6850f9]  os::pd_commit_memory_or_exit+0xc9  (os_windows.cpp:3833)
V  [jvm.dll+0x67988a]  os::commit_memory_or_exit+0x2a  (os.cpp:1739)
V  [jvm.dll+0x30cbfb]  G1PageBasedVirtualSpace::commit+0x19b  (g1PageBasedVirtualSpace.cpp:204)
V  [jvm.dll+0x3140a6]  G1RegionsLargerThanCommitSizeMapper::commit_regions+0x96  (g1RegionToSpaceMapper.cpp:100)
V  [jvm.dll+0x363ede]  HeapRegionManager::expand_any+0xee  (heapRegionManager.cpp:363)
V  [jvm.dll+0x36410f]  HeapRegionManager::expand_by+0x7f  (heapRegionManager.cpp:380)
V  [jvm.dll+0x2e29c8]  G1CollectedHeap::expand+0xb8  (g1CollectedHeap.cpp:1298)
V  [jvm.dll+0x2e3934]  G1CollectedHeap::initialize+0x664  (g1CollectedHeap.cpp:1719)
V  [jvm.dll+0x812771]  universe_init+0xb1  (universe.cpp:736)
V  [jvm.dll+0x371d41]  init_globals+0x31  (init.cpp:124)
V  [jvm.dll+0x7f12bc]  Threads::create_vm+0x60c  (thread.cpp:2909)
V  [jvm.dll+0x3f59cf]  JNI_CreateJavaVM_inner+0x8f  (jni.cpp:3635)
V  [jvm.dll+0x3f7601]  JNI_CreateJavaVM+0x11  (jni.cpp:3727)
C  [jli.dll+0x528f]  JavaMain+0x113  (java.c:413)
C  [ucrtbase.dll+0x29333]
C  [KERNEL32.DLL+0x1259d]
C  [ntdll.dll+0x5af38]


---------------  P R O C E S S  ---------------

Threads class SMR info:
_java_thread_list=0x00007ff82ac4df18, length=0, elements={
}

Java Threads: ( => current thread )

Other Threads:
  0x000002a25f200800 GCTaskThread "GC Thread#0" [stack: 0x000000edce700000,0x000000edce800000] [id=9356]
  0x000002a245606c70 ConcurrentGCThread "G1 Main Marker" [stack: 0x000000edce800000,0x000000edce900000] [id=33868]
  0x000002a2456075a0 ConcurrentGCThread "G1 Conc#0" [stack: 0x000000edce900000,0x000000edcea00000] [id=35784]

[error occurred during error reporting (printing all threads), id 0xc0000005, EXCEPTION_ACCESS_VIOLATION (0xc0000005) at pc=0x00007ff82a403597]

VM state: not at safepoint (not fully initialized)

VM Mutex/Monitor currently owned by a thread:  ([mutex/lock_event])
[0x000002a245582a40] Heap_lock - owner thread: 0x000002a245587a90

Heap address: 0x0000000604800000, size: 8120 MB, Compressed Oops mode: Zero based, Oop shift amount: 3

CDS archive(s) mapped at: [0x0000000000000000-0x0000000000000000-0x0000000000000000), size 0, SharedBaseAddress: 0x0000000800000000, ArchiveRelocationMode: 1.
Narrow klass base: 0x0000000000000000, Narrow klass shift: 0, Narrow klass range: 0x0

GC Precious Log:
<Empty>

Heap:
 garbage-first heap   total 0K, used 0K [0x0000000604800000, 0x0000000800000000)
  region size 4096K, 0 young (0K), 0 survivors (0K)
 Metaspace       used 0K, committed 0K, reserved 0K
  class space    used 0K, committed 0K, reserved 0K

Heap Regions: E=young(eden), S=young(survivor), O=old, HS=humongous(starts), HC=humongous(continues), CS=collection set, F=free, OA=open archive, CA=closed archive, TAMS=top-at-mark-start (previous, next)

Card table byte_map: [0x000002a24d370000,0x000002a24e350000] _byte_map_base: 0x000002a24a34c000

Marking Bits (Prev, Next): (CMBitMap*) 0x000002a2455f57b0, (CMBitMap*) 0x000002a2455f57f0
 Prev Bits: [0x000002a24f330000, 0x000002a257210000)
 Next Bits: [0x000002a257210000, 0x000002a25f0f0000)

GC Heap History (0 events):
No events

Dll operation events (1 events):
Event: 0.009 Loaded shared library C:\Users\alaou\.jdks\jbr-17.0.9\bin\java.dll

Deoptimization events (0 events):
No events

Classes unloaded (0 events):
No events

Classes redefined (0 events):
No events

Internal exceptions (0 events):
No events

VM Operations (0 events):
No events

Events (0 events):
No events


Dynamic libraries:
0x00007ff671460000 - 0x00007ff67146a000 	C:\Users\alaou\.jdks\jbr-17.0.9\bin\java.exe
0x00007ff8e9430000 - 0x00007ff8e9647000 	C:\Windows\SYSTEM32\ntdll.dll
0x00007ff8e8640000 - 0x00007ff8e8704000 	C:\Windows\System32\KERNEL32.DLL
0x00007ff8e6c20000 - 0x00007ff8e6fda000 	C:\Windows\System32\KERNELBASE.dll
0x00007ff8e6810000 - 0x00007ff8e6921000 	C:\Windows\System32\ucrtbase.dll
0x00007ff8a8ea0000 - 0x00007ff8a8eb7000 	C:\Users\alaou\.jdks\jbr-17.0.9\bin\jli.dll
0x00007ff8de8e0000 - 0x00007ff8de8fb000 	C:\Users\alaou\.jdks\jbr-17.0.9\bin\VCRUNTIME140.dll
0x00007ff8e7b50000 - 0x00007ff8e7cfe000 	C:\Windows\System32\USER32.dll
0x00007ff8b9570000 - 0x00007ff8b9802000 	C:\Windows\WinSxS\amd64_microsoft.windows.common-controls_6595b64144ccf1df_6.0.22621.4541_none_2710d1c57384c085\COMCTL32.dll
0x00007ff8e6a50000 - 0x00007ff8e6a76000 	C:\Windows\System32\win32u.dll
0x00007ff8e7d00000 - 0x00007ff8e7da7000 	C:\Windows\System32\msvcrt.dll
0x00007ff8e7950000 - 0x00007ff8e7979000 	C:\Windows\System32\GDI32.dll
0x00007ff8e66f0000 - 0x00007ff8e680b000 	C:\Windows\System32\gdi32full.dll
0x00007ff8e6930000 - 0x00007ff8e69ca000 	C:\Windows\System32\msvcp_win.dll
0x00007ff8e7a90000 - 0x00007ff8e7ac1000 	C:\Windows\System32\IMM32.DLL
0x00007ff8e0b60000 - 0x00007ff8e0b6c000 	C:\Users\alaou\.jdks\jbr-17.0.9\bin\vcruntime140_1.dll
0x00007ff8a05a0000 - 0x00007ff8a062d000 	C:\Users\alaou\.jdks\jbr-17.0.9\bin\msvcp140.dll
0x00007ff82a110000 - 0x00007ff82ad92000 	C:\Users\alaou\.jdks\jbr-17.0.9\bin\server\jvm.dll
0x00007ff8e7220000 - 0x00007ff8e72d2000 	C:\Windows\System32\ADVAPI32.dll
0x00007ff8e7310000 - 0x00007ff8e73b7000 	C:\Windows\System32\sechost.dll
0x00007ff8e6a80000 - 0x00007ff8e6aa8000 	C:\Windows\System32\bcrypt.dll
0x00007ff8e8e30000 - 0x00007ff8e8f44000 	C:\Windows\System32\RPCRT4.dll
0x00007ff8e5540000 - 0x00007ff8e558d000 	C:\Windows\SYSTEM32\POWRPROF.dll
0x00007ff8e0100000 - 0x00007ff8e0134000 	C:\Windows\SYSTEM32\WINMM.dll
0x00007ff8bb5f0000 - 0x00007ff8bb5f9000 	C:\Windows\SYSTEM32\WSOCK32.dll
0x00007ff8de760000 - 0x00007ff8de76a000 	C:\Windows\SYSTEM32\VERSION.dll
0x00007ff8e7ad0000 - 0x00007ff8e7b41000 	C:\Windows\System32\WS2_32.dll
0x00007ff8e5520000 - 0x00007ff8e5533000 	C:\Windows\SYSTEM32\UMPDC.dll
0x00007ff8e57e0000 - 0x00007ff8e57f8000 	C:\Windows\SYSTEM32\kernel.appcore.dll
0x00007ff8de9f0000 - 0x00007ff8de9fa000 	C:\Users\alaou\.jdks\jbr-17.0.9\bin\jimage.dll
0x00007ff8e3790000 - 0x00007ff8e39c2000 	C:\Windows\SYSTEM32\DBGHELP.DLL
0x00007ff8e8f50000 - 0x00007ff8e92e1000 	C:\Windows\System32\combase.dll
0x00007ff8e75d0000 - 0x00007ff8e76a7000 	C:\Windows\System32\OLEAUT32.dll
0x00007ff8dd180000 - 0x00007ff8dd1b2000 	C:\Windows\SYSTEM32\dbgcore.DLL
0x00007ff8e70a0000 - 0x00007ff8e711b000 	C:\Windows\System32\bcryptPrimitives.dll
0x00007ff8e2270000 - 0x00007ff8e227e000 	C:\Users\alaou\.jdks\jbr-17.0.9\bin\instrument.dll
0x00007ff8a8e70000 - 0x00007ff8a8e95000 	C:\Users\alaou\.jdks\jbr-17.0.9\bin\java.dll

dbghelp: loaded successfully - version: 4.0.5 - missing functions: none
symbol engine: initialized successfully - sym options: 0x614 - pdb path: .;C:\Users\alaou\.jdks\jbr-17.0.9\bin;C:\Windows\SYSTEM32;C:\Windows\WinSxS\amd64_microsoft.windows.common-controls_6595b64144ccf1df_6.0.22621.4541_none_2710d1c57384c085;C:\Users\alaou\.jdks\jbr-17.0.9\bin\server

VM Arguments:
jvm_args: -XX:TieredStopAtLevel=1 -Dspring.output.ansi.enabled=always -Dcom.sun.management.jmxremote -Dspring.jmx.enabled=true -Dspring.liveBeansView.mbeanDomain -Dspring.application.admin.enabled=true -Dmanagement.endpoints.jmx.exposure.include=* -javaagent:C:\Users\alaou\AppData\Local\JetBrains\IntelliJ IDEA 2023.2.3\lib\idea_rt.jar=56868:C:\Users\alaou\AppData\Local\JetBrains\IntelliJ IDEA 2023.2.3\bin -Dfile.encoding=UTF-8 
java_command: tn.esprit.pisinister.PiSinisterApplication
java_class_path (initial): C:\Users\alaou\IdeaProjects\PISinister\target\classes;C:\Users\alaou\.m2\repository\org\springframework\boot\spring-boot-starter-data-jpa\3.4.2\spring-boot-starter-data-jpa-3.4.2.jar;C:\Users\alaou\.m2\repository\org\springframework\boot\spring-boot-starter\3.4.2\spring-boot-starter-3.4.2.jar;C:\Users\alaou\.m2\repository\org\springframework\boot\spring-boot\3.4.2\spring-boot-3.4.2.jar;C:\Users\alaou\.m2\repository\org\springframework\boot\spring-boot-autoconfigure\3.4.2\spring-boot-autoconfigure-3.4.2.jar;C:\Users\alaou\.m2\repository\org\springframework\boot\spring-boot-starter-logging\3.4.2\spring-boot-starter-logging-3.4.2.jar;C:\Users\alaou\.m2\repository\ch\qos\logback\logback-classic\1.5.16\logback-classic-1.5.16.jar;C:\Users\alaou\.m2\repository\ch\qos\logback\logback-core\1.5.16\logback-core-1.5.16.jar;C:\Users\alaou\.m2\repository\org\apache\logging\log4j\log4j-to-slf4j\2.24.3\log4j-to-slf4j-2.24.3.jar;C:\Users\alaou\.m2\repository\org\apache\logging\log4j\log4j-api\2.24.3\log4j-api-2.24.3.jar;C:\Users\alaou\.m2\repository\org\slf4j\jul-to-slf4j\2.0.16\jul-to-slf4j-2.0.16.jar;C:\Users\alaou\.m2\repository\jakarta\annotation\jakarta.annotation-api\2.1.1\jakarta.annotation-api-2.1.1.jar;C:\Users\alaou\.m2\repository\org\yaml\snakeyaml\2.3\snakeyaml-2.3.jar;C:\Users\alaou\.m2\repository\org\springframework\boot\spring-boot-starter-jdbc\3.4.2\spring-boot-starter-jdbc-3.4.2.jar;C:\Users\alaou\.m2\repository\com\zaxxer\HikariCP\5.1.0\HikariCP-5.1.0.jar;C:\Users\alaou\.m2\repository\org\springframework\spring-jdbc\6.2.2\spring-jdbc-6.2.2.jar;C:\Users\alaou\.m2\repository\org\hibernate\orm\hibernate-core\6.6.5.Final\hibernate-core-6.6.5.Final.jar;C:\Users\alaou\.m2\repository\jakarta\persistence\jakarta.persistence-api\3.1.0\jakarta.persistence-api-3.1.0.jar;C:\Users\alaou\.m2\repository\jakarta\transaction\jakarta.transaction-api\2.0.1\jakarta.transaction-api-2.0.1.jar;C:\Users\alaou\.m2\repository\org\jboss\logging\jboss-logging\3.6.
Launcher Type: SUN_STANDARD

[Global flags]
     intx CICompilerCount                          = 12                                        {product} {ergonomic}
     uint ConcGCThreads                            = 3                                         {product} {ergonomic}
     uint G1ConcRefinementThreads                  = 13                                        {product} {ergonomic}
   size_t G1HeapRegionSize                         = 4194304                                   {product} {ergonomic}
    uintx GCDrainStackTargetSize                   = 64                                        {product} {ergonomic}
   size_t InitialHeapSize                          = 532676608                                 {product} {ergonomic}
     bool ManagementServer                         = true                                      {product} {command line}
   size_t MarkStackSize                            = 4194304                                   {product} {ergonomic}
   size_t MaxHeapSize                              = 8514437120                                {product} {ergonomic}
   size_t MinHeapDeltaBytes                        = 4194304                                   {product} {ergonomic}
   size_t MinHeapSize                              = 8388608                                   {product} {ergonomic}
    uintx NonProfiledCodeHeapSize                  = 0                                      {pd product} {ergonomic}
     bool ProfileInterpreter                       = false                                  {pd product} {command line}
    uintx ProfiledCodeHeapSize                     = 0                                      {pd product} {ergonomic}
   size_t SoftMaxHeapSize                          = 8514437120                             {manageable} {ergonomic}
     intx TieredStopAtLevel                        = 1                                         {product} {command line}
     bool UseCompressedClassPointers               = true                           {product lp64_product} {ergonomic}
     bool UseCompressedOops                        = true                           {product lp64_product} {ergonomic}
     bool UseG1GC                                  = true                                      {product} {ergonomic}
     bool UseLargePagesIndividualAllocation        = false                                  {pd product} {ergonomic}

Logging:
Log output configuration:
 #0: stdout all=warning uptime,level,tags
 #1: stderr all=off uptime,level,tags

Environment Variables:
PATH=C:\Python312\Scripts\;C:\Python312\;C:\Program Files\Common Files\Oracle\Java\javapath;C:\Program Files (x86)\VMware\VMware Workstation\bin\;C:\oraclexe\app\oracle\product\11.2.0\server\bin;;C:\Windows\system32;C:\Windows;C:\Windows\System32\Wbem;C:\Windows\System32\WindowsPowerShell\v1.0\;C:\Windows\System32\OpenSSH\;C:\Program Files (x86)\NVIDIA Corporation\PhysX\Common;C:\xampp\php;C:\ProgramData\ComposerSetup\bin;C:\Users\alaou\.jdks\jbr-17.0.8.1\bin;C:\Program Files\Git\cmd;C:\Program Files\dotnet\;C:\Program Files\Microsoft SQL Server\150\Tools\Binn\;C:\Program Files\Microsoft SQL Server\Client SDK\ODBC\170\Tools\Binn\;C:\Program Files\NVIDIA Corporation\NVIDIA app\NvDLISR;C:\Program Files\nodejs\;C:\ProgramData\chocolatey\bin;C:\Users\alaou\scoop\shims;C:\Users\alaou\AppData\Local\Microsoft\WindowsApps;C:\Users\alaou\AppData\Roaming\Composer\vendor\bin;C:\Users\alaou\AppData\Local\Programs\Microsoft VS Code\bin;C:\Users\alaou\AppData\Local\GitHubDesktop\bin;C:\Flex Windows\gcc\bin;C:\Flex Windows\Lex\bin;C:\Flex Windows\bison\bin;C:\Users\alaou\.dotnet\tools;C:\Program Files\MongoDB\Server\4.0\bin;C:\Users\alaou\AppData\Roaming\npm
USERNAME=alaou
OS=Windows_NT
PROCESSOR_IDENTIFIER=Intel64 Family 6 Model 154 Stepping 3, GenuineIntel
TMP=C:\Users\alaou\AppData\Local\Temp
TEMP=C:\Users\alaou\AppData\Local\Temp



Periodic native trim disabled

JNI global refs:
JNI global refs: 0, weak refs: 0

JNI global refs memory usage: 0, weak refs: 0

OOME stack traces (most recent first):
Classloader memory used:


---------------  S Y S T E M  ---------------

OS:
 Windows 11 , 64 bit Build 22621 (10.0.22621.4391)
OS uptime: 4 days 9:13 hours
Hyper-V role detected

CPU: total 16 (initial active 16) (8 cores per cpu, 2 threads per core) family 6 model 154 stepping 3 microcode 0x421, cx8, cmov, fxsr, ht, mmx, 3dnowpref, sse, sse2, sse3, ssse3, sse4.1, sse4.2, popcnt, lzcnt, tsc, tscinvbit, avx, avx2, aes, erms, clmul, bmi1, bmi2, adx, sha, fma, vzeroupper, clflush, clflushopt, clwb, hv
Processor Information for processor 0
  Max Mhz: 2500, Current Mhz: 2500, Mhz Limit: 2500
Processor Information for processor 1
  Max Mhz: 2500, Current Mhz: 2500, Mhz Limit: 2500
Processor Information for processor 2
  Max Mhz: 2500, Current Mhz: 2500, Mhz Limit: 2500
Processor Information for processor 3
  Max Mhz: 2500, Current Mhz: 2500, Mhz Limit: 2500
Processor Information for processor 4
  Max Mhz: 2500, Current Mhz: 2500, Mhz Limit: 2500
Processor Information for processor 5
  Max Mhz: 2500, Current Mhz: 2500, Mhz Limit: 2500
Processor Information for processor 6
  Max Mhz: 2500, Current Mhz: 2500, Mhz Limit: 2500
Processor Information for processor 7
  Max Mhz: 2500, Current Mhz: 2500, Mhz Limit: 2500
Processor Information for processor 8
  Max Mhz: 2500, Current Mhz: 1800, Mhz Limit: 1800
Processor Information for processor 9
  Max Mhz: 2500, Current Mhz: 1800, Mhz Limit: 1800
Processor Information for processor 10
  Max Mhz: 2500, Current Mhz: 1800, Mhz Limit: 1800
Processor Information for processor 11
  Max Mhz: 2500, Current Mhz: 1800, Mhz Limit: 1800
Processor Information for processor 12
  Max Mhz: 2500, Current Mhz: 1800, Mhz Limit: 1800
Processor Information for processor 13
  Max Mhz: 2500, Current Mhz: 1800, Mhz Limit: 1800
Processor Information for processor 14
  Max Mhz: 2500, Current Mhz: 1800, Mhz Limit: 1800
Processor Information for processor 15
  Max Mhz: 2500, Current Mhz: 1800, Mhz Limit: 1800

Memory: 4k page, system-wide physical 32472M (6367M free)
TotalPageFile size 40636M (AvailPageFile size 283M)
current process WorkingSet (physical memory assigned to process): 45M, peak: 45M
current process commit charge ("private bytes"): 99M, peak: 574M

vm_info: OpenJDK 64-Bit Server VM (17.0.9+8-b1166.2) for windows-amd64 JRE (17.0.9+8-b1166.2), built on 2024-01-13 by "builduser" with MS VC++ 16.10 / 16.11 (VS2019)

END.
